OPTION parallel-n64-cpucore=cached_interpreter
OPTION parallel-n64-disable_expmem=enabled
OPTION parallel-n64-gfxplugin=angrylion
OPTION parallel-n64-rspplugin=cxd4
OPTION parallel-n64-angrylion-multithread=4
OPTION parallel-n64-angrylion-overscan=disabled
OPTION parallel-n64-OverrideSaveType=EEPROM_16KB
CORE ParaLLEl N64 1.0 2f3bf60 fullpath=1
TEST ADAPTER: in-memory ED/16K EEPROM header; disk ROM unchanged
mupen64plus: Using full mem base
EmuThread: M64CMD_ROM_OPEN
mupen64plus: Goodname: Perfect Dark (unknown rom)
mupen64plus: Name: Perfect Dark        
mupen64plus: MD5: 6E8982A50F0097775D4D1418BB4DA140
mupen64plus: CRC: 69C42A4A 7729DDF3
mupen64plus: Imagetype: .z64 (native)
mupen64plus: Rom size: 33554432 bytes (or 32 Mb or 256 Megabits)
mupen64plus: Version: 1449
mupen64plus: Manufacturer: Nintendo
mupen64plus: Country: USA
EmuThread: M64CMD_ROM_GET_HEADER
CONTROLLERS mask=15 input_ranges=39
SAVE available=296960 supplied=2048
plugin_start_gfx
EmuThread: M64CMD_EXECUTE.
mupen64plus: Game controller 0 (Standard controller) has nothing plugged in
mupen64plus: Game controller 1 (Standard controller) has nothing plugged in
mupen64plus: Game controller 2 (Standard controller) has nothing plugged in
mupen64plus: Game controller 3 (Standard controller) has nothing plugged in
mupen64plus: Using CIC type X105
mupen64plus: Initializing 4 RDRAM modules for a total of 8 MB
mupen64plus: Starting R4300 emulator: Cached Interpreter
FRAME 300 video=144 640x480 seconds=5.1
FRAME 600 video=414 640x480 seconds=13.9
FRAME 900 video=708 640x480 seconds=22.7
FRAME 1200 video=860 640x480 seconds=31.8
FRAME 1500 video=860 640x480 seconds=38.0
FRAME 1800 video=860 640x480 seconds=42.5
FRAME 2100 video=1134 640x480 seconds=87.8
FRAME 2400 video=1434 640x480 seconds=126.2
FRAME 2700 video=1734 640x480 seconds=160.8
FRAME 3000 video=2034 640x480 seconds=202.5
FRAME 3300 video=2334 640x480 seconds=254.0
FRAME 3600 video=2634 640x480 seconds=312.1
FRAME 3900 video=2934 640x480 seconds=373.9
FRAME 4200 video=3234 640x480 seconds=427.5
FRAME 4500 video=3534 640x480 seconds=459.3
FRAME 4800 video=3834 640x480 seconds=486.3
FRAME 5100 video=4134 640x480 seconds=510.0
FRAME 5400 video=4434 640x480 seconds=559.4
FRAME 5700 video=4734 640x480 seconds=609.6
FRAME 6000 video=5034 640x480 seconds=653.3
FRAME 6300 video=5334 640x480 seconds=708.8
FRAME 6600 video=5634 640x480 seconds=765.8
FRAME 6900 video=5637 640x480 seconds=773.2
FRAME 7200 video=5637 640x480 seconds=777.9
FRAME 7500 video=5637 640x480 seconds=783.2
FRAME 7800 video=5859 640x480 seconds=818.6
FRAME 8100 video=6159 640x480 seconds=872.1
FRAME 8400 video=6459 640x480 seconds=915.2
FRAME 8700 video=6759 640x480 seconds=954.7
FRAME 9000 video=7059 640x480 seconds=1002.5
DONE frames=9150 ram=8388608 save=296960 state=16790604
