mips64-elf-gcc -c -DVERSION=2 -DMATCHING=0 -DPAL=0 -DPIRACYCHECKS=0 -DROM_SIZE=32 -DDEBUG=1 -DANTIALIAS -DAVOID_UB=1 -I include -I include/PR -I src/include -I src/generated/ntsc-final -I src/lib/ultra/audio  -EB -march=vr4300 -mabi=32 -mfix4300 -mdivide-breaks -mno-abicalls -ffreestanding -fno-builtin -fno-common -fno-inline-functions -fmerge-constants -fno-strict-aliasing -fno-zero-initialized-in-bss -fwrapv -Wall -Werror -Wno-address -Wno-aggressive-loop-optimizations -Wno-array-bounds -Wno-comment -Wno-int-in-bool-context -Wno-int-to-pointer-cast -Wno-maybe-uninitialized -Wno-misleading-indentation -Wno-missing-braces -Wno-multichar -Wno-pointer-sign -Wno-pointer-to-int-cast -Wno-tautological-compare -Wno-uninitialized -Wno-unused-but-set-variable -Wno-unused-value -Wno-unused-variable -G 0 -Os -o build/ntsc-final/lib/ultra/os/exceptvars.o src/lib/ultra/os/exceptvars.c
cpp -P -Wno-trigraphs -I include -I include/PR -I src/include -DVERSION=2 -DMATCHING=0 -DPAL=0 -DPIRACYCHECKS=0 -DROM_SIZE=32 -DDEBUG=1 -DANTIALIAS -D_LANGUAGE_ASSEMBLY -D_MIPSEB src/lib/ultra/os/exceptasm.s | mips64-elf-as -march=vr4300 -mabi=32 -I include -I include/PR -I src/include -I src/generated/ntsc-final -I src/lib/ultra/audio  --defsym VERSION=2 --defsym MATCHING=0 --defsym PAL=0 --defsym PIRACYCHECKS=0 --defsym ROM_SIZE=32 --defsym DEBUG=1 --defsym _LANGUAGE_ASSEMBLY=1 -o build/ntsc-final/lib/ultra/os/exceptasm.o
{standard input}: Assembler messages:
{standard input}:163: Warning: float register should be even, was 1
{standard input}:165: Warning: float register should be even, was 3
{standard input}:167: Warning: float register should be even, was 5
{standard input}:169: Warning: float register should be even, was 7
{standard input}:171: Warning: float register should be even, was 9
{standard input}:173: Warning: float register should be even, was 11
{standard input}:175: Warning: float register should be even, was 13
{standard input}:177: Warning: float register should be even, was 15
{standard input}:179: Warning: float register should be even, was 17
{standard input}:181: Warning: float register should be even, was 19
{standard input}:183: Warning: float register should be even, was 21
{standard input}:185: Warning: float register should be even, was 23
{standard input}:187: Warning: float register should be even, was 25
{standard input}:189: Warning: float register should be even, was 27
{standard input}:191: Warning: float register should be even, was 29
{standard input}:193: Warning: float register should be even, was 31
{standard input}:544: Warning: float register should be even, was 21
{standard input}:546: Warning: float register should be even, was 23
{standard input}:548: Warning: float register should be even, was 25
{standard input}:550: Warning: float register should be even, was 27
{standard input}:552: Warning: float register should be even, was 29
{standard input}:554: Warning: float register should be even, was 31
{standard input}:699: Warning: float register should be even, was 1
{standard input}:701: Warning: float register should be even, was 3
{standard input}:703: Warning: float register should be even, was 5
{standard input}:705: Warning: float register should be even, was 7
{standard input}:707: Warning: float register should be even, was 9
{standard input}:709: Warning: float register should be even, was 11
{standard input}:711: Warning: float register should be even, was 13
{standard input}:713: Warning: float register should be even, was 15
{standard input}:715: Warning: float register should be even, was 17
{standard input}:717: Warning: float register should be even, was 19
{standard input}:719: Warning: float register should be even, was 21
{standard input}:721: Warning: float register should be even, was 23
{standard input}:723: Warning: float register should be even, was 25
{standard input}:725: Warning: float register should be even, was 27
{standard input}:727: Warning: float register should be even, was 29
{standard input}:729: Warning: float register should be even, was 31
cpp -Umips -DROMID=ntsc-final -DVERSION=2 -DROMALLOCATION_DATA=0x00e000 -DROMALLOCATION_LIB=0x024000 -DROMALLOCATION_GAME=0x0d0000 -DROM_SIZE=32 -P ld/pd.ld -o build/ntsc-final/pd.ld
mips64-elf-ld --no-check-sections -z muldefs -T build/ntsc-final/pd.ld --print-map -o build/ntsc-final/stage1.elf > build/ntsc-final/pd.map
mips64-elf-objcopy build/ntsc-final/stage1.elf build/ntsc-final/stage1.bin -O binary
tools/mkrom/mkrom.exe build/ntsc-final/stage1.bin build/ntsc-final/pd.map 0 0x0000 2 build/ntsc-final/pd.z64
[0;32mROM written to build/ntsc-final/pd.z64[0m
