OPTION parallel-n64-cpucore=cached_interpreter
OPTION parallel-n64-disable_expmem=enabled
OPTION parallel-n64-gfxplugin=angrylion
OPTION parallel-n64-rspplugin=cxd4
OPTION parallel-n64-angrylion-multithread=4
OPTION parallel-n64-angrylion-overscan=disabled
OPTION parallel-n64-OverrideSaveType=EEPROM_16KB
CORE ParaLLEl N64 1.0 2f3bf60 fullpath=1
TEST ADAPTER: in-memory ED/16K EEPROM header; disk ROM unchanged
mupen64plus: Using full mem base
EmuThread: M64CMD_ROM_OPEN
mupen64plus: Goodname: Perfect Dark (unknown rom)
mupen64plus: Name: Perfect Dark        
mupen64plus: MD5: 94514D72AAC81BAAC6FCE32BC7BE1F79
mupen64plus: CRC: F27D6FA5 2F4FC739
mupen64plus: Imagetype: .z64 (native)
mupen64plus: Rom size: 33554432 bytes (or 32 Mb or 256 Megabits)
mupen64plus: Version: 1449
mupen64plus: Manufacturer: Nintendo
mupen64plus: Country: USA
EmuThread: M64CMD_ROM_GET_HEADER
CONTROLLERS mask=1 input_ranges=39
SAVE available=296960 supplied=2048
plugin_start_gfx
EmuThread: M64CMD_EXECUTE.
mupen64plus: Game controller 0 (Standard controller) has nothing plugged in
mupen64plus: Game controller 1 (Standard controller) has nothing plugged in
mupen64plus: Game controller 2 (Standard controller) has nothing plugged in
mupen64plus: Game controller 3 (Standard controller) has nothing plugged in
mupen64plus: Using CIC type X105
mupen64plus: Initializing 4 RDRAM modules for a total of 8 MB
mupen64plus: Starting R4300 emulator: Cached Interpreter
FRAME 300 video=144 640x480 seconds=3.9
FRAME 600 video=415 640x480 seconds=10.6
FRAME 900 video=709 640x480 seconds=20.0
FRAME 1200 video=861 640x480 seconds=28.8
FRAME 1500 video=861 640x480 seconds=32.8
FRAME 1800 video=861 640x480 seconds=36.9
FRAME 2100 video=1156 640x480 seconds=86.5
FRAME 2400 video=1456 640x480 seconds=123.3
FRAME 2700 video=1756 640x480 seconds=157.7
FRAME 3000 video=2056 640x480 seconds=193.9
FRAME 3300 video=2356 640x480 seconds=230.4
FRAME 3600 video=2656 640x480 seconds=268.7
FRAME 3900 video=2956 640x480 seconds=317.8
FRAME 4200 video=3256 640x480 seconds=369.3
FRAME 4500 video=3556 640x480 seconds=413.5
FRAME 4800 video=3856 640x480 seconds=457.2
FRAME 5100 video=4156 640x480 seconds=496.6
FRAME 5400 video=4456 640x480 seconds=538.4
FRAME 5700 video=4756 640x480 seconds=584.1
FRAME 6000 video=5056 640x480 seconds=632.3
DONE frames=6150 ram=8388608 save=296960 state=16790604
