READ-ONLY WATCH counter=8007fc38 gate=8007fc44 value=3 limit=8
OPTION parallel-n64-cpucore=cached_interpreter
OPTION parallel-n64-disable_expmem=enabled
OPTION parallel-n64-gfxplugin=angrylion
OPTION parallel-n64-rspplugin=cxd4
OPTION parallel-n64-angrylion-multithread=4
OPTION parallel-n64-angrylion-overscan=disabled
OPTION parallel-n64-OverrideSaveType=EEPROM_16KB
CORE ParaLLEl N64 1.0 2f3bf60 fullpath=1
TEST ADAPTER: in-memory ED/16K EEPROM header; disk ROM unchanged
mupen64plus: Using full mem base
EmuThread: M64CMD_ROM_OPEN
mupen64plus: Goodname: Perfect Dark (unknown rom)
mupen64plus: Name: Perfect Dark        
mupen64plus: MD5: 517584F7246CF86DAA8DF8320A415BAF
mupen64plus: CRC: AF026169 E8F46633
mupen64plus: Imagetype: .z64 (native)
mupen64plus: Rom size: 33554432 bytes (or 32 Mb or 256 Megabits)
mupen64plus: Version: 1449
mupen64plus: Manufacturer: Nintendo
mupen64plus: Country: USA
EmuThread: M64CMD_ROM_GET_HEADER
CONTROLLERS mask=1 input_ranges=28
SAVE available=296960 supplied=2048
plugin_start_gfx
EmuThread: M64CMD_EXECUTE.
mupen64plus: Game controller 0 (Standard controller) has nothing plugged in
mupen64plus: Game controller 1 (Standard controller) has nothing plugged in
mupen64plus: Game controller 2 (Standard controller) has nothing plugged in
mupen64plus: Game controller 3 (Standard controller) has nothing plugged in
mupen64plus: Using CIC type X105
mupen64plus: Initializing 4 RDRAM modules for a total of 8 MB
mupen64plus: Starting R4300 emulator: Cached Interpreter
FRAME 300 video=144 640x480 seconds=1.8
FRAME 600 video=415 640x480 seconds=4.6
FRAME 900 video=709 640x480 seconds=7.8
FRAME 1200 video=861 640x480 seconds=11.4
FRAME 1500 video=861 640x480 seconds=13.2
FRAME 1800 video=861 640x480 seconds=15.0
FRAME 2100 video=1156 640x480 seconds=33.9
FRAME 2400 video=1456 640x480 seconds=49.2
FRAME 2700 video=1756 640x480 seconds=64.3
FRAME 3000 video=2056 640x480 seconds=81.5
FRAME 3300 video=2356 640x480 seconds=108.4
FRAME 3600 video=2656 640x480 seconds=133.8
FRAME 3900 video=2956 640x480 seconds=159.3
FRAME 4200 video=3256 640x480 seconds=185.4
FRAME 4500 video=3556 640x480 seconds=205.6
FRAME 4800 video=3856 640x480 seconds=223.2
FRAME 5100 video=4156 640x480 seconds=242.0
FRAME 5400 video=4456 640x480 seconds=259.4
FRAME 5700 video=4756 640x480 seconds=276.7
FRAME 6000 video=5056 640x480 seconds=294.8
FRAME 6300 video=5356 640x480 seconds=312.6
FRAME 6600 video=5656 640x480 seconds=330.4
FRAME 6900 video=5956 640x480 seconds=348.2
FRAME 7200 video=6256 640x480 seconds=366.6
FRAME 7500 video=6556 640x480 seconds=387.8
FRAME 7800 video=6856 640x480 seconds=405.5
FRAME 8100 video=7156 640x480 seconds=423.9
FRAME 8400 video=7159 640x480 seconds=426.2
FRAME 8700 video=7159 640x480 seconds=428.3
FRAME 9000 video=7159 640x480 seconds=430.2
FRAME 9300 video=7300 640x480 seconds=438.8
FRAME 9600 video=7600 640x480 seconds=453.9
WATCH frame=9780 event=1 counter=8007fc38 before=0 after=2 state=1
WATCH frame=9782 event=2 counter=8007fc38 before=2 after=6 state=1
WATCH frame=9783 event=3 counter=8007fc38 before=6 after=11 state=1
WATCH frame=9785 event=4 counter=8007fc38 before=11 after=19 state=1
WATCH frame=9788 event=5 counter=8007fc38 before=19 after=20 state=1
WATCH frame=9791 event=6 counter=8007fc38 before=20 after=21 state=1
WATCH frame=9792 event=7 counter=8007fc38 before=21 after=23 state=1
WATCH frame=9795 event=8 counter=8007fc38 before=23 after=25 state=1
FRAME 9900 video=7900 640x480 seconds=467.1
FRAME 10200 video=8200 640x480 seconds=485.8
FRAME 10500 video=8500 640x480 seconds=505.1
FRAME 10800 video=8800 640x480 seconds=528.6
DONE frames=10800 ram=8388608 save=296960 state=16790604
