OPTION parallel-n64-cpucore=cached_interpreter
OPTION parallel-n64-disable_expmem=enabled
OPTION parallel-n64-gfxplugin=angrylion
OPTION parallel-n64-rspplugin=cxd4
OPTION parallel-n64-angrylion-multithread=4
OPTION parallel-n64-angrylion-overscan=disabled
OPTION parallel-n64-OverrideSaveType=EEPROM_16KB
CORE ParaLLEl N64 1.0 2f3bf60 fullpath=1
TEST ADAPTER: in-memory ED/16K EEPROM header; disk ROM unchanged
mupen64plus: Using full mem base
EmuThread: M64CMD_ROM_OPEN
mupen64plus: Goodname: Perfect Dark (U) (V1.1) [!]
mupen64plus: Name: Perfect Dark        
mupen64plus: MD5: D52BCBB10E102CB80CAB9214B84C79ED
mupen64plus: CRC: 41F2B98F B458B466
mupen64plus: Imagetype: .z64 (native)
mupen64plus: Rom size: 33554432 bytes (or 32 Mb or 256 Megabits)
mupen64plus: Version: 1449
mupen64plus: Manufacturer: Nintendo
mupen64plus: Country: USA
EmuThread: M64CMD_ROM_GET_HEADER
CONTROLLERS mask=1 input_ranges=9
SAVE available=296960 supplied=2048
plugin_start_gfx
EmuThread: M64CMD_EXECUTE.
mupen64plus: Game controller 0 (Standard controller) has nothing plugged in
mupen64plus: Game controller 1 (Standard controller) has nothing plugged in
mupen64plus: Game controller 2 (Standard controller) has nothing plugged in
mupen64plus: Game controller 3 (Standard controller) has nothing plugged in
mupen64plus: Using CIC type X105
mupen64plus: Initializing 4 RDRAM modules for a total of 8 MB
mupen64plus: Starting R4300 emulator: Cached Interpreter
FRAME 300 video=180 640x480 seconds=9.3
FRAME 600 video=369 640x480 seconds=19.0
FRAME 900 video=664 640x480 seconds=29.4
FRAME 1200 video=821 640x480 seconds=40.2
FRAME 1500 video=821 640x480 seconds=45.7
FRAME 1800 video=893 640x240 seconds=56.4
FRAME 2100 video=1193 640x240 seconds=75.9
FRAME 2400 video=1493 640x240 seconds=88.4
FRAME 2700 video=1792 640x240 seconds=100.3
FRAME 3000 video=2092 640x240 seconds=109.9
FRAME 3300 video=2392 640x240 seconds=121.2
FRAME 3600 video=2692 640x240 seconds=131.5
FRAME 3900 video=2992 640x240 seconds=140.7
FRAME 4200 video=3292 640x240 seconds=150.1
FRAME 4500 video=3591 640x240 seconds=158.5
FRAME 4800 video=3891 640x240 seconds=166.2
FRAME 5100 video=4191 640x240 seconds=173.9
FRAME 5400 video=4491 640x240 seconds=180.8
DONE frames=5400 ram=8388608 save=296960 state=16790604
