OPTION parallel-n64-cpucore=cached_interpreter
OPTION parallel-n64-disable_expmem=enabled
OPTION parallel-n64-gfxplugin=angrylion
OPTION parallel-n64-rspplugin=cxd4
OPTION parallel-n64-angrylion-multithread=4
OPTION parallel-n64-angrylion-overscan=disabled
OPTION parallel-n64-OverrideSaveType=EEPROM_16KB
CORE ParaLLEl N64 1.0 2f3bf60 fullpath=1
TEST ADAPTER: in-memory ED/16K EEPROM header; disk ROM unchanged
mupen64plus: Using full mem base
EmuThread: M64CMD_ROM_OPEN
mupen64plus: Goodname: Perfect Dark (unknown rom)
mupen64plus: Name: Perfect Dark        
mupen64plus: MD5: A023FA0AA1CC9C6046E7160B963EDBA2
mupen64plus: CRC: 3012086E 06F2D148
mupen64plus: Imagetype: .z64 (native)
mupen64plus: Rom size: 33554432 bytes (or 32 Mb or 256 Megabits)
mupen64plus: Version: 1449
mupen64plus: Manufacturer: Nintendo
mupen64plus: Country: USA
EmuThread: M64CMD_ROM_GET_HEADER
CONTROLLERS mask=1 input_ranges=2
plugin_start_gfx
EmuThread: M64CMD_EXECUTE.
mupen64plus: Game controller 0 (Standard controller) has nothing plugged in
mupen64plus: Game controller 1 (Standard controller) has nothing plugged in
mupen64plus: Game controller 2 (Standard controller) has nothing plugged in
mupen64plus: Game controller 3 (Standard controller) has nothing plugged in
mupen64plus: Using CIC type X105
mupen64plus: Initializing 4 RDRAM modules for a total of 8 MB
mupen64plus: Starting R4300 emulator: Cached Interpreter
FRAME 300 video=0 0x0 seconds=4.7
FRAME 600 video=228 640x480 seconds=31.8
FRAME 900 video=528 640x480 seconds=52.7
FRAME 1200 video=828 640x480 seconds=54.2
FRAME 1500 video=1128 640x480 seconds=55.2
FRAME 1800 video=1428 640x480 seconds=56.1
DONE frames=1800 ram=8388608 save=296960 state=16790604
