READ-ONLY WATCH counter=8007fd0c gate=8007fd18 value=3 limit=8
OPTION parallel-n64-cpucore=cached_interpreter
OPTION parallel-n64-disable_expmem=enabled
OPTION parallel-n64-gfxplugin=angrylion
OPTION parallel-n64-rspplugin=cxd4
OPTION parallel-n64-angrylion-multithread=4
OPTION parallel-n64-angrylion-overscan=disabled
OPTION parallel-n64-OverrideSaveType=EEPROM_16KB
CORE ParaLLEl N64 1.0 2f3bf60 fullpath=1
TEST ADAPTER: in-memory ED/16K EEPROM header; disk ROM unchanged
mupen64plus: Using full mem base
EmuThread: M64CMD_ROM_OPEN
mupen64plus: Goodname: Perfect Dark (unknown rom)
mupen64plus: Name: Perfect Dark        
mupen64plus: MD5: D070F47E11615C7E6A335A9FDC54F7C2
mupen64plus: CRC: 8BB09394 097DC777
mupen64plus: Imagetype: .z64 (native)
mupen64plus: Rom size: 33554432 bytes (or 32 Mb or 256 Megabits)
mupen64plus: Version: 1449
mupen64plus: Manufacturer: Nintendo
mupen64plus: Country: USA
EmuThread: M64CMD_ROM_GET_HEADER
CONTROLLERS mask=1 input_ranges=28
SAVE available=296960 supplied=2048
plugin_start_gfx
EmuThread: M64CMD_EXECUTE.
mupen64plus: Game controller 0 (Standard controller) has nothing plugged in
mupen64plus: Game controller 1 (Standard controller) has nothing plugged in
mupen64plus: Game controller 2 (Standard controller) has nothing plugged in
mupen64plus: Game controller 3 (Standard controller) has nothing plugged in
mupen64plus: Using CIC type X105
mupen64plus: Initializing 4 RDRAM modules for a total of 8 MB
mupen64plus: Starting R4300 emulator: Cached Interpreter
FRAME 300 video=144 640x480 seconds=1.9
FRAME 600 video=415 640x480 seconds=4.8
FRAME 900 video=709 640x480 seconds=8.0
FRAME 1200 video=861 640x480 seconds=11.9
FRAME 1500 video=861 640x480 seconds=14.2
FRAME 1800 video=861 640x480 seconds=16.4
FRAME 2100 video=1156 640x480 seconds=42.7
FRAME 2400 video=1456 640x480 seconds=70.7
FRAME 2700 video=1756 640x480 seconds=95.5
FRAME 3000 video=2056 640x480 seconds=123.8
FRAME 3300 video=2356 640x480 seconds=162.7
FRAME 3600 video=2656 640x480 seconds=205.0
FRAME 3900 video=2956 640x480 seconds=245.3
FRAME 4200 video=3256 640x480 seconds=285.3
FRAME 4500 video=3556 640x480 seconds=315.6
FRAME 4800 video=3856 640x480 seconds=333.4
FRAME 5100 video=4156 640x480 seconds=351.7
FRAME 5400 video=4456 640x480 seconds=371.2
FRAME 5700 video=4756 640x480 seconds=389.2
FRAME 6000 video=5056 640x480 seconds=406.9
FRAME 6300 video=5356 640x480 seconds=425.1
FRAME 6600 video=5656 640x480 seconds=443.0
FRAME 6900 video=5956 640x480 seconds=468.8
FRAME 7200 video=6256 640x480 seconds=499.4
FRAME 7500 video=6556 640x480 seconds=533.3
FRAME 7800 video=6856 640x480 seconds=561.9
FRAME 8100 video=7156 640x480 seconds=589.9
FRAME 8400 video=7159 640x480 seconds=593.2
FRAME 8700 video=7159 640x480 seconds=596.6
FRAME 9000 video=7159 640x480 seconds=599.9
FRAME 9300 video=7298 640x480 seconds=613.8
FRAME 9600 video=7598 640x480 seconds=637.8
FRAME 9900 video=7898 640x480 seconds=655.3
FRAME 10200 video=8198 640x480 seconds=680.3
FRAME 10500 video=8498 640x480 seconds=701.0
FRAME 10800 video=8798 640x480 seconds=728.1
DONE frames=10800 ram=8388608 save=296960 state=16790604
