OPTION parallel-n64-cpucore=cached_interpreter
OPTION parallel-n64-disable_expmem=enabled
OPTION parallel-n64-gfxplugin=angrylion
OPTION parallel-n64-rspplugin=cxd4
OPTION parallel-n64-angrylion-multithread=4
OPTION parallel-n64-angrylion-overscan=disabled
OPTION parallel-n64-OverrideSaveType=EEPROM_16KB
CORE ParaLLEl N64 1.0 2f3bf60 fullpath=1
TEST ADAPTER: in-memory ED/16K EEPROM header; disk ROM unchanged
mupen64plus: Using full mem base
EmuThread: M64CMD_ROM_OPEN
mupen64plus: Goodname: Perfect Dark (unknown rom)
mupen64plus: Name: Perfect Dark        
mupen64plus: MD5: 43FBB5D1F12B299801262059CAD9A478
mupen64plus: CRC: F55A232A 306ACA25
mupen64plus: Imagetype: .z64 (native)
mupen64plus: Rom size: 33554432 bytes (or 32 Mb or 256 Megabits)
mupen64plus: Version: 1449
mupen64plus: Manufacturer: Nintendo
mupen64plus: Country: USA
EmuThread: M64CMD_ROM_GET_HEADER
CONTROLLERS mask=15 input_ranges=39
SAVE available=296960 supplied=2048
plugin_start_gfx
EmuThread: M64CMD_EXECUTE.
mupen64plus: Game controller 0 (Standard controller) has nothing plugged in
mupen64plus: Game controller 1 (Standard controller) has nothing plugged in
mupen64plus: Game controller 2 (Standard controller) has nothing plugged in
mupen64plus: Game controller 3 (Standard controller) has nothing plugged in
mupen64plus: Using CIC type X105
mupen64plus: Initializing 4 RDRAM modules for a total of 8 MB
mupen64plus: Starting R4300 emulator: Cached Interpreter
FRAME 300 video=144 640x480 seconds=9.0
FRAME 600 video=415 640x480 seconds=20.3
FRAME 900 video=709 640x480 seconds=35.4
FRAME 1200 video=863 640x480 seconds=45.6
FRAME 1500 video=863 640x480 seconds=49.3
FRAME 1800 video=863 640x480 seconds=54.0
FRAME 2100 video=1156 640x480 seconds=98.9
FRAME 2400 video=1456 640x480 seconds=145.3
FRAME 2700 video=1756 640x480 seconds=178.0
FRAME 3000 video=2056 640x480 seconds=202.5
FRAME 3300 video=2356 640x480 seconds=237.7
FRAME 3600 video=2656 640x480 seconds=275.3
FRAME 3900 video=2956 640x480 seconds=310.5
FRAME 4200 video=3256 640x480 seconds=343.5
FRAME 4500 video=3556 640x480 seconds=369.9
FRAME 4800 video=3856 640x480 seconds=392.7
FRAME 5100 video=4156 640x480 seconds=415.6
FRAME 5400 video=4456 640x480 seconds=439.4
FRAME 5700 video=4756 640x480 seconds=463.5
FRAME 6000 video=5056 640x480 seconds=487.3
FRAME 6300 video=5356 640x480 seconds=510.1
FRAME 6600 video=5656 640x480 seconds=533.9
FRAME 6900 video=5659 640x480 seconds=536.7
FRAME 7200 video=5659 640x480 seconds=538.8
FRAME 7500 video=5659 640x480 seconds=541.1
FRAME 7800 video=5881 640x480 seconds=557.9
FRAME 8100 video=6181 640x480 seconds=580.7
FRAME 8400 video=6481 640x480 seconds=605.7
FRAME 8700 video=6781 640x480 seconds=629.5
FRAME 9000 video=7081 640x480 seconds=652.3
DONE frames=9150 ram=8388608 save=296960 state=16790604
