___________________________________________

EverDrive64 X-Series OS USB utility: V0.0.0.0
___________________________________________
Everdrive64 X-series found on serialport COM3
Writing ROM, Rom format (BigEndian - Native)....Everdrive64 X-series found on serialport COM3
...Everdrive64 X-series found on serialport COM3
...Everdrive64 X-series found on serialport COM3
...Everdrive64 X-series found on serialport COM3
...Everdrive64 X-series found on serialport COM3
...Everdrive64 X-series found on serialport COM3
...Everdrive64 X-series found on serialport COM3
...Everdrive64 X-series found on serialport COM3
...Everdrive64 X-series found on serialport COM3
...Everdrive64 X-series found on serialport COM3
...Everdrive64 X-series found on serialport COM3
...Everdrive64 X-series found on serialport COM3
...Everdrive64 X-series found on serialport COM3
...Everdrive64 X-series found on serialport COM3
...Everdrive64 X-series found on serialport COM3
...OK. speed: 693 KB/s
Finished in: 112.142 seconds.

___________________________________________
Get support at 'https://krikzz.com'
