OPTION parallel-n64-cpucore=cached_interpreter
OPTION parallel-n64-disable_expmem=enabled
OPTION parallel-n64-gfxplugin=angrylion
OPTION parallel-n64-rspplugin=cxd4
OPTION parallel-n64-angrylion-multithread=4
OPTION parallel-n64-angrylion-overscan=disabled
OPTION parallel-n64-OverrideSaveType=EEPROM_16KB
CORE ParaLLEl N64 1.0 2f3bf60 fullpath=1
TEST ADAPTER: in-memory ED/16K EEPROM header; disk ROM unchanged
mupen64plus: Using full mem base
EmuThread: M64CMD_ROM_OPEN
mupen64plus: Goodname: Perfect Dark (unknown rom)
mupen64plus: Name: Perfect Dark        
mupen64plus: MD5: 84B53BD240B3F66624166B8AECBF8CC6
mupen64plus: CRC: 79A8153E 7D2813A6
mupen64plus: Imagetype: .z64 (native)
mupen64plus: Rom size: 33554432 bytes (or 32 Mb or 256 Megabits)
mupen64plus: Version: 1449
mupen64plus: Manufacturer: Nintendo
mupen64plus: Country: USA
EmuThread: M64CMD_ROM_GET_HEADER
CONTROLLERS mask=1 input_ranges=0
plugin_start_gfx
EmuThread: M64CMD_EXECUTE.
mupen64plus: Game controller 0 (Standard controller) has nothing plugged in
mupen64plus: Game controller 1 (Standard controller) has nothing plugged in
mupen64plus: Game controller 2 (Standard controller) has nothing plugged in
mupen64plus: Game controller 3 (Standard controller) has nothing plugged in
mupen64plus: Using CIC type X105
mupen64plus: Initializing 4 RDRAM modules for a total of 8 MB
mupen64plus: Starting R4300 emulator: Cached Interpreter
FRAME 300 video=141 640x480 seconds=4.5
FRAME 600 video=408 640x480 seconds=11.0
FRAME 900 video=528 640x480 seconds=18.1
FRAME 1200 video=528 640x480 seconds=21.9
FRAME 1500 video=555 640x480 seconds=31.4
FRAME 1800 video=855 640x480 seconds=74.4
FRAME 2100 video=1155 640x480 seconds=111.4
FRAME 2400 video=1455 640x480 seconds=156.7
FRAME 2700 video=1749 640x480 seconds=191.6
FRAME 3000 video=1749 640x480 seconds=195.3
FRAME 3300 video=1749 640x480 seconds=199.4
FRAME 3600 video=1749 640x480 seconds=203.5
FRAME 3900 video=1891 640x480 seconds=219.6
FRAME 4200 video=2191 640x480 seconds=249.8
FRAME 4500 video=2491 640x480 seconds=269.3
FRAME 4800 video=2791 640x480 seconds=287.6
FRAME 5100 video=3091 640x480 seconds=306.2
FRAME 5400 video=3391 640x480 seconds=325.5
FRAME 5700 video=3691 640x480 seconds=341.0
FRAME 6000 video=3991 640x480 seconds=362.2
DONE frames=6000 ram=8388608 save=296960 state=16790604
